// Vitest Snapshot v1, https://vitest.dev/guide/snapshot.html

exports[`parseExcel() > parses example from the documents 1`] = `
[
  {
    "colour": "#FFAB33",
    "cue": "TEMP32",
    "custom": {
      "artist": "",
      "song": "",
    },
    "duration": 32400000,
    "endAction": "none",
    "isPublic": false,
    "linkStart": false,
    "skip": true,
    "timeDanger": 300000,
    "timeEnd": 32400000,
    "timeStart": 0,
    "timeWarning": 600000,
    "timerType": "count-down",
    "title": "Attempt light check",
    "type": "event",
  },
  {
    "colour": "#FFCC78",
    "cue": "PRESET",
    "custom": {
      "artist": "",
      "song": "",
    },
    "duration": 3600000,
    "endAction": "none",
    "isPublic": false,
    "linkStart": true,
    "skip": false,
    "timeDanger": 300000,
    "timeEnd": 36000000,
    "timeStart": 32400000,
    "timeWarning": 600000,
    "timerType": "time-to-end",
    "title": "Preset",
    "type": "event",
  },
  {
    "colour": "",
    "cue": "SF1.01",
    "custom": {
      "artist": "Ronela Hajati",
      "song": "Sekret",
    },
    "duration": 1200000,
    "endAction": "none",
    "isPublic": true,
    "linkStart": false,
    "skip": false,
    "timeDanger": 300000,
    "timeEnd": 37200000,
    "timeStart": 36000000,
    "timeWarning": 600000,
    "timerType": "count-down",
    "title": "Albania",
    "type": "event",
  },
  {
    "colour": "#779BE7",
    "cue": "RESET",
    "custom": {
      "artist": "",
      "song": "",
    },
    "duration": 300000,
    "endAction": "none",
    "isPublic": false,
    "linkStart": true,
    "skip": false,
    "timeDanger": 60000,
    "timeEnd": 37500000,
    "timeStart": 37200000,
    "timeWarning": 300000,
    "timerType": "time-to-end",
    "title": "Reset",
    "type": "event",
  },
  {
    "colour": "",
    "cue": "SF1.02",
    "custom": {
      "artist": "Citi Zeni",
      "song": "Eat Your Salad",
    },
    "duration": 1200000,
    "endAction": "none",
    "isPublic": true,
    "linkStart": false,
    "skip": false,
    "timeDanger": 60000,
    "timeEnd": 38700000,
    "timeStart": 37500000,
    "timeWarning": 300000,
    "timerType": "count-down",
    "title": "Latvia",
    "type": "event",
  },
  {
    "colour": "#779BE7",
    "cue": "RESET",
    "custom": {
      "artist": "",
      "song": "",
    },
    "duration": 300000,
    "endAction": "none",
    "isPublic": false,
    "linkStart": true,
    "skip": false,
    "timeDanger": 60000,
    "timeEnd": 39000000,
    "timeStart": 38700000,
    "timeWarning": 300000,
    "timerType": "time-to-end",
    "title": "Reset",
    "type": "event",
  },
  {
    "colour": "",
    "cue": "SF1.03",
    "custom": {
      "artist": "Monika Liu",
      "song": "Sentimentai",
    },
    "duration": 1200000,
    "endAction": "none",
    "isPublic": true,
    "linkStart": false,
    "skip": false,
    "timeDanger": 60000,
    "timeEnd": 40200000,
    "timeStart": 39000000,
    "timeWarning": 300000,
    "timerType": "count-down",
    "title": "Lithuania",
    "type": "event",
  },
  {
    "colour": "#779BE7",
    "cue": "RESET",
    "custom": {
      "artist": "",
      "song": "",
    },
    "duration": 300000,
    "endAction": "none",
    "isPublic": false,
    "linkStart": true,
    "skip": false,
    "timeDanger": 60000,
    "timeEnd": 40500000,
    "timeStart": 40200000,
    "timeWarning": 300000,
    "timerType": "time-to-end",
    "title": "Reset",
    "type": "event",
  },
  {
    "colour": "",
    "cue": "SF1.04",
    "custom": {
      "artist": "Marius Bear",
      "song": "Boys Do Cry",
    },
    "duration": 1200000,
    "endAction": "none",
    "isPublic": true,
    "linkStart": false,
    "skip": false,
    "timeDanger": 60000,
    "timeEnd": 41700000,
    "timeStart": 40500000,
    "timeWarning": 300000,
    "timerType": "count-down",
    "title": "Switzerland",
    "type": "event",
  },
  {
    "colour": "#779BE7",
    "cue": "RESET",
    "custom": {
      "artist": "",
      "song": "",
    },
    "duration": 300000,
    "endAction": "none",
    "isPublic": false,
    "linkStart": true,
    "skip": false,
    "timeDanger": 60000,
    "timeEnd": 42000000,
    "timeStart": 41700000,
    "timeWarning": 300000,
    "timerType": "time-to-end",
    "title": "Reset",
    "type": "event",
  },
  {
    "colour": "",
    "cue": "SF1.05",
    "custom": {
      "artist": "LPS",
      "song": "Disko",
    },
    "duration": 1200000,
    "endAction": "none",
    "isPublic": true,
    "linkStart": false,
    "skip": false,
    "timeDanger": 60000,
    "timeEnd": 43200000,
    "timeStart": 42000000,
    "timeWarning": 300000,
    "timerType": "count-down",
    "title": "Slovenia",
    "type": "event",
  },
  {
    "colour": "#779BE7",
    "cue": "RESET",
    "custom": {
      "artist": "",
      "song": "",
    },
    "duration": 300000,
    "endAction": "none",
    "isPublic": false,
    "linkStart": true,
    "skip": false,
    "timeDanger": 60000,
    "timeEnd": 43500000,
    "timeStart": 43200000,
    "timeWarning": 300000,
    "timerType": "time-to-end",
    "title": "Reset",
    "type": "event",
  },
  {
    "colour": "#77C785",
    "cue": "BREAK",
    "custom": {
      "artist": "",
      "song": "",
    },
    "duration": 25200000,
    "endAction": "none",
    "isPublic": false,
    "linkStart": false,
    "skip": false,
    "timeDanger": 60000,
    "timeEnd": 68700000,
    "timeStart": 43500000,
    "timeWarning": 300000,
    "timerType": "count-down",
    "title": "Break",
    "type": "event",
  },
  {
    "colour": "#FFCC78",
    "cue": "PRESET",
    "custom": {
      "artist": "",
      "song": "",
    },
    "duration": 300000,
    "endAction": "none",
    "isPublic": false,
    "linkStart": true,
    "skip": false,
    "timeDanger": 60000,
    "timeEnd": 47100000,
    "timeStart": 46800000,
    "timeWarning": 300000,
    "timerType": "time-to-end",
    "title": "Preset",
    "type": "event",
  },
  {
    "colour": "",
    "cue": "SF1.06",
    "custom": {
      "artist": "Kalush Orchestra",
      "song": "Stefania",
    },
    "duration": 1200000,
    "endAction": "none",
    "isPublic": true,
    "linkStart": false,
    "skip": false,
    "timeDanger": 60000,
    "timeEnd": 48300000,
    "timeStart": 47100000,
    "timeWarning": 300000,
    "timerType": "clock",
    "title": "Ukraine",
    "type": "event",
  },
  {
    "colour": "#779BE7",
    "cue": "RESET",
    "custom": {
      "artist": "",
      "song": "",
    },
    "duration": 300000,
    "endAction": "none",
    "isPublic": false,
    "linkStart": true,
    "skip": false,
    "timeDanger": 60000,
    "timeEnd": 48600000,
    "timeStart": 48300000,
    "timeWarning": 300000,
    "timerType": "time-to-end",
    "title": "Reset",
    "type": "event",
  },
  {
    "colour": "",
    "cue": "SF1.07",
    "custom": {
      "artist": "Intelligent Music Project",
      "song": "Intention",
    },
    "duration": 1200000,
    "endAction": "none",
    "isPublic": true,
    "linkStart": false,
    "skip": false,
    "timeDanger": 60000,
    "timeEnd": 49800000,
    "timeStart": 48600000,
    "timeWarning": 300000,
    "timerType": "count-down",
    "title": "Bulgaria",
    "type": "event",
  },
  {
    "colour": "#779BE7",
    "cue": "RESET",
    "custom": {
      "artist": "",
      "song": "",
    },
    "duration": 300000,
    "endAction": "none",
    "isPublic": false,
    "linkStart": true,
    "skip": false,
    "timeDanger": 60000,
    "timeEnd": 50100000,
    "timeStart": 49800000,
    "timeWarning": 300000,
    "timerType": "time-to-end",
    "title": "Reset",
    "type": "event",
  },
  {
    "colour": "",
    "cue": "SF1.08",
    "custom": {
      "artist": "S10",
      "song": "De Diepte",
    },
    "duration": 1200000,
    "endAction": "none",
    "isPublic": true,
    "linkStart": false,
    "skip": false,
    "timeDanger": 60000,
    "timeEnd": 51300000,
    "timeStart": 50100000,
    "timeWarning": 300000,
    "timerType": "count-down",
    "title": "Netherlands",
    "type": "event",
  },
  {
    "colour": "#779BE7",
    "cue": "RESET",
    "custom": {
      "artist": "",
      "song": "",
    },
    "duration": 300000,
    "endAction": "none",
    "isPublic": false,
    "linkStart": true,
    "skip": false,
    "timeDanger": 60000,
    "timeEnd": 51600000,
    "timeStart": 51300000,
    "timeWarning": 300000,
    "timerType": "time-to-end",
    "title": "Reset",
    "type": "event",
  },
  {
    "colour": "",
    "cue": "SF1.09",
    "custom": {
      "artist": "Zdob si Zdub",
      "song": "Trenuletul",
    },
    "duration": 1200000,
    "endAction": "none",
    "isPublic": true,
    "linkStart": false,
    "skip": false,
    "timeDanger": 60000,
    "timeEnd": 52800000,
    "timeStart": 51600000,
    "timeWarning": 300000,
    "timerType": "count-down",
    "title": "Moldova",
    "type": "event",
  },
  {
    "colour": "#779BE7",
    "cue": "RESET",
    "custom": {
      "artist": "",
      "song": "",
    },
    "duration": 300000,
    "endAction": "none",
    "isPublic": false,
    "linkStart": true,
    "skip": false,
    "timeDanger": 60000,
    "timeEnd": 53100000,
    "timeStart": 52800000,
    "timeWarning": 300000,
    "timerType": "time-to-end",
    "title": "Reset",
    "type": "event",
  },
  {
    "colour": "",
    "cue": "SF1.10",
    "custom": {
      "artist": "Maro",
      "song": "Saudade Saudade",
    },
    "duration": 1200000,
    "endAction": "none",
    "isPublic": true,
    "linkStart": false,
    "skip": false,
    "timeDanger": 60000,
    "timeEnd": 54300000,
    "timeStart": 53100000,
    "timeWarning": 300000,
    "timerType": "count-down",
    "title": "Portugal",
    "type": "event",
  },
  {
    "colour": "#779BE7",
    "cue": "RESET",
    "custom": {
      "artist": "",
      "song": "",
    },
    "duration": 300000,
    "endAction": "none",
    "isPublic": false,
    "linkStart": true,
    "skip": false,
    "timeDanger": 60000,
    "timeEnd": 54600000,
    "timeStart": 54300000,
    "timeWarning": 300000,
    "timerType": "time-to-end",
    "title": "Reset",
    "type": "event",
  },
  {
    "colour": "",
    "cue": "SF1.11",
    "custom": {
      "artist": "Mia Dimsic",
      "song": "Guilty Pleasure",
    },
    "duration": 1200000,
    "endAction": "none",
    "isPublic": true,
    "linkStart": false,
    "skip": false,
    "timeDanger": 60000,
    "timeEnd": 57300000,
    "timeStart": 56100000,
    "timeWarning": 300000,
    "timerType": "count-down",
    "title": "Croatia",
    "type": "event",
  },
  {
    "colour": "#779BE7",
    "cue": "RESET",
    "custom": {
      "artist": "",
      "song": "",
    },
    "duration": 300000,
    "endAction": "none",
    "isPublic": false,
    "linkStart": true,
    "skip": false,
    "timeDanger": 60000,
    "timeEnd": 57600000,
    "timeStart": 57300000,
    "timeWarning": 300000,
    "timerType": "time-to-end",
    "title": "Reset",
    "type": "event",
  },
  {
    "colour": "",
    "cue": "SF1.12",
    "custom": {
      "artist": "Reddi",
      "song": "The Show",
    },
    "duration": 1200000,
    "endAction": "none",
    "isPublic": true,
    "linkStart": false,
    "skip": false,
    "timeDanger": 60000,
    "timeEnd": 58800000,
    "timeStart": 57600000,
    "timeWarning": 300000,
    "timerType": "count-down",
    "title": "Denmark",
    "type": "event",
  },
  {
    "colour": "#779BE7",
    "cue": "RESET",
    "custom": {
      "artist": "",
      "song": "",
    },
    "duration": 300000,
    "endAction": "none",
    "isPublic": false,
    "linkStart": true,
    "skip": false,
    "timeDanger": 60000,
    "timeEnd": 59100000,
    "timeStart": 58800000,
    "timeWarning": 300000,
    "timerType": "time-to-end",
    "title": "Reset",
    "type": "event",
  },
  {
    "colour": "",
    "cue": "SF1.13",
    "custom": {
      "artist": "LUM!X & Pia Maria",
      "song": "Halo",
    },
    "duration": 1200000,
    "endAction": "none",
    "isPublic": true,
    "linkStart": false,
    "skip": false,
    "timeDanger": 60000,
    "timeEnd": 60300000,
    "timeStart": 59100000,
    "timeWarning": 300000,
    "timerType": "count-down",
    "title": "Austria",
    "type": "event",
  },
  {
    "colour": "#779BE7",
    "cue": "RESET",
    "custom": {
      "artist": "",
      "song": "",
    },
    "duration": 300000,
    "endAction": "none",
    "isPublic": false,
    "linkStart": true,
    "skip": false,
    "timeDanger": 60000,
    "timeEnd": 61200000,
    "timeStart": 60900000,
    "timeWarning": 300000,
    "timerType": "time-to-end",
    "title": "Reset",
    "type": "event",
  },
  {
    "colour": "",
    "cue": "SF1.14",
    "custom": {
      "artist": "Amanda Tenfjord",
      "song": "Die Together",
    },
    "duration": 1200000,
    "endAction": "none",
    "isPublic": true,
    "linkStart": false,
    "skip": false,
    "timeDanger": 60000,
    "timeEnd": 61800000,
    "timeStart": 60600000,
    "timeWarning": 300000,
    "timerType": "count-down",
    "title": "Greece",
    "type": "event",
  },
  {
    "colour": "#FF7878",
    "cue": "SHUTDOWN",
    "custom": {
      "artist": "",
      "song": "",
    },
    "duration": 1200000,
    "endAction": "none",
    "isPublic": false,
    "linkStart": true,
    "skip": false,
    "timeDanger": 300000,
    "timeEnd": 63000000,
    "timeStart": 61800000,
    "timeWarning": 600000,
    "timerType": "time-to-end",
    "title": "Reset",
    "type": "event",
  },
]
`;
