// Vitest Snapshot v1, https://vitest.dev/guide/snapshot.html

exports[`rundownToTabular() > returns an array of arrays describing a rundown 1`] = `
[
  [
    "ID",
    "Flag",
    "Cue",
    "Title",
    "Colour",
    "Time Start",
    "Time End",
    "Duration",
    "Link Start",
    "Count to end",
    "Note",
    "Timer Type",
    "End Action",
    "Warning Time",
    "Danger Time",
    "Skip",
    "Custom Field",
    "Images",
  ],
  [
    "e2163f",
    "",
    "Demo",
    "Clear all, or Create New Project to start fresh",
    "#9d9d9d",
    "",
    "",
    "",
    "",
    "",
    "Go to Settings cog wheel top left of Editor, Project > Create",
    "milestone",
    "",
    "",
    "",
    "",
    "Create Custom Fields to store specific text information or images.

Go to Settings > Project data > Custom fields",
    "https://www.getontime.no/images/icons/ontime-logo.png",
  ],
  [
    "7eaf99",
    "",
    "",
    "Morning Sessions",
    "#339E4E",
    "10:00:00",
    "12:00:00",
    "",
    "",
    "",
    "",
    "group",
    "",
    "",
    "",
    "",
    "",
    "",
  ],
  [
    "9bf60f",
    "",
    "1",
    "Pre-show Countdown",
    "#77C785",
    "10:00:00",
    "11:00:00",
    "01:00:00",
    "",
    "",
    "Music plays, holding slide on screens",
    "count-down",
    "",
    "00:10:00",
    "00:05:00",
    "",
    "Put additional info here",
    "",
  ],
  [
    "bf71a2",
    "",
    "Standby",
    "10:45 - Presenters ready side stage",
    "#A790F5",
    "",
    "",
    "",
    "",
    "",
    "",
    "milestone",
    "",
    "",
    "",
    "",
    "",
    "",
  ],
  [
    "c2697f",
    "",
    "1.1",
    "Welcome",
    "#FFCC78",
    "11:00:00",
    "11:10:00",
    "00:10:00",
    "TRUE",
    "",
    "Emma Thompson",
    "count-down",
    "",
    "00:02:00",
    "00:01:00",
    "",
    "",
    "",
  ],
  [
    "fa593e",
    "TRUE",
    "1.2",
    "Session 1",
    "#77C785",
    "11:10:00",
    "12:00:00",
    "00:50:00",
    "TRUE",
    "",
    "Liam Carter, Sophia Patel + PowerPoint",
    "count-down",
    "",
    "00:02:00",
    "00:01:00",
    "",
    "",
    "",
  ],
  [
    "a8b0b3",
    "",
    "House",
    "11:30 - House staff setup lunch in lobby",
    "#A790F5",
    "",
    "",
    "",
    "",
    "",
    "",
    "milestone",
    "",
    "",
    "",
    "",
    "",
    "",
  ],
  [
    "",
    "",
    "",
    "",
    "",
    "",
    "",
    "",
    "",
    "",
    "",
    "group-end",
    "",
    "",
    "",
    "",
  ],
  [
    "f60403",
    "",
    "",
    "Lunch",
    "#3E75E8",
    "12:00:00",
    "13:00:00",
    "",
    "",
    "",
    "",
    "group",
    "",
    "",
    "",
    "",
    "",
    "",
  ],
  [
    "0aaa7d",
    "",
    "2.1",
    "Lunch / Countdown to next session",
    "#779BE7",
    "12:00:00",
    "13:00:00",
    "01:00:00",
    "TRUE",
    "",
    "Buffet in lobby
Music plays, holding slide on screens",
    "count-down",
    "",
    "00:02:00",
    "00:01:00",
    "",
    "",
    "",
  ],
  [
    "",
    "",
    "",
    "",
    "",
    "",
    "",
    "",
    "",
    "",
    "",
    "group-end",
    "",
    "",
    "",
    "",
  ],
  [
    "6b0edb",
    "",
    "",
    "Afternoon Sessions",
    "#339E4E",
    "13:00:00",
    "14:00:00",
    "",
    "",
    "",
    "",
    "group",
    "",
    "",
    "",
    "",
    "",
    "",
  ],
  [
    "02afca",
    "",
    "Standby",
    "12:45 - Presenters ready side stage",
    "#A790F5",
    "",
    "",
    "",
    "",
    "",
    "",
    "milestone",
    "",
    "",
    "",
    "",
    "",
    "",
  ],
  [
    "75ce86",
    "",
    "3.1",
    "Session 2",
    "#77C785",
    "13:00:00",
    "13:50:00",
    "00:50:00",
    "TRUE",
    "",
    "Ethan Brooks + PowerPoint + Video playback",
    "count-down",
    "",
    "00:02:00",
    "00:01:00",
    "",
    "",
    "",
  ],
  [
    "e10ed9",
    "",
    "3.2",
    "Wrap up",
    "#FFCC78",
    "13:50:00",
    "14:00:00",
    "00:10:00",
    "",
    "",
    "Lucas Bennett",
    "count-down",
    "",
    "00:02:00",
    "00:01:00",
    "",
    "",
    "",
  ],
  [
    "07df89",
    "",
    "Strike",
    "14:00 - AV & Room strike",
    "#A790F5",
    "",
    "",
    "",
    "",
    "",
    "",
    "milestone",
    "",
    "",
    "",
    "",
    "",
    "",
  ],
  [
    "",
    "",
    "",
    "",
    "",
    "",
    "",
    "",
    "",
    "",
    "",
    "group-end",
    "",
    "",
    "",
    "",
  ],
]
`;
