// Vitest Snapshot v1, https://vitest.dev/guide/snapshot.html

exports[`makeTable() > returns array of arrays with given fields 1`] = `
[
  [
    "Ontime · Rundown export",
  ],
  [
    "Project title: test title",
  ],
  [
    "Project description: test description",
  ],
  [
    "Time Start",
    "Time End",
    "Duration",
    "ID",
    "Colour",
    "Cue",
    "Title",
    "Note",
    "Is Public? (x)",
    "Skip?",
    "lighting",
  ],
  [
    "00:00:00",
    "00:00:00",
    "...",
    "",
    "",
    "",
    "test title 1",
    "",
    "x",
    "",
    "",
  ],
]
`;
